2025-11-03T13:48:44.187Z INFO SharedStateManager initialized
2025-11-03T13:48:44.187Z INFO Is remote: false
2025-11-03T13:48:44.188Z INFO Starting Local. Installation path: c:\Users\op\Documents\projects\pythagora test
2025-11-03T13:48:44.188Z INFO [MainProvider] Creating new MainProvider instance...
2025-11-03T13:48:44.189Z INFO Installation path exists: c:\Users\op\Documents\projects\pythagora test
2025-11-03T13:48:44.190Z INFO Initializing database with URL: file:c:\Users\op\Documents\projects\pythagora test\pythagora-core\data\database\pythagora.db
2025-11-03T13:48:44.192Z INFO Database file exists, skipping prisma generate/push for faster startup
2025-11-03T13:48:44.193Z INFO Database initialized successfully
2025-11-03T13:48:44.194Z INFO [Migration] Checking for database migration...
2025-11-03T13:48:44.286Z INFO [Migration] No migration needed
2025-11-03T13:54:49.250Z INFO Closing entire Pythagora extension...
2025-11-03T13:54:49.262Z ERROR Error closing extension
Error: Canceled
Stack: Canceled: Canceled
	at new MR (file:///c:/Program%20Files/Microsoft%20VS%20Code/resources/app/out/vs/workbench/api/node/extensionHostProcess.js:29:116391)
	at U4.U (file:///c:/Program%20Files/Microsoft%20VS%20Code/resources/app/out/vs/workbench/api/node/extensionHostProcess.js:29:121001)
	at s.<computed>.n.charCodeAt.s.<computed> (file:///c:/Program%20Files/Microsoft%20VS%20Code/resources/app/out/vs/workbench/api/node/extensionHostProcess.js:29:118495)
	at iy.g (file:///c:/Program%20Files/Microsoft%20VS%20Code/resources/app/out/vs/workbench/api/node/extensionHostProcess.js:114:41101)
	at iy.executeCommand (file:///c:/Program%20Files/Microsoft%20VS%20Code/resources/app/out/vs/workbench/api/node/extensionHostProcess.js:114:40605)
	at Object.executeCommand (file:///c:/Program%20Files/Microsoft%20VS%20Code/resources/app/out/vs/workbench/api/node/extensionHostProcess.js:201:105071)
	at closeEntirePythagoraExtension (c:\Users\op\.vscode\extensions\pythagoratechnologies.pythagora-vs-code-2.5.25\out\extension.js:390:31)
	at Object.deactivate (c:\Users\op\.vscode\extensions\pythagoratechnologies.pythagora-vs-code-2.5.25\out\extension.js:295:15)
	at SZ.eb (file:///c:/Program%20Files/Microsoft%20VS%20Code/resources/app/out/vs/workbench/api/node/extensionHostProcess.js:118:11797)
	at file:///c:/Program%20Files/Microsoft%20VS%20Code/resources/app/out/vs/workbench/api/node/extensionHostProcess.js:118:9947
	at Array.map (<anonymous>)
	at SZ.$ (file:///c:/Program%20Files/Microsoft%20VS%20Code/resources/app/out/vs/workbench/api/node/extensionHostProcess.js:118:9935)
	at SZ.terminate (file:///c:/Program%20Files/Microsoft%20VS%20Code/resources/app/out/vs/workbench/api/node/extensionHostProcess.js:118:10178)
	at H3.terminate (file:///c:/Program%20Files/Microsoft%20VS%20Code/resources/app/out/vs/workbench/api/node/extensionHostProcess.js:120:914)
	at Ss (file:///c:/Program%20Files/Microsoft%20VS%20Code/resources/app/out/vs/workbench/api/node/extensionHostProcess.js:393:10409)
	at MessagePortMain.<anonymous> (file:///c:/Program%20Files/Microsoft%20VS%20Code/resources/app/out/vs/workbench/api/node/extensionHostProcess.js:393:6948)
	at MessagePortMain.emit (node:events:519:28)
	at MessagePortMain._internalPort.emit (node:electron/js2c/utility_init:2:2949)
Extra context: {
  "message": "Canceled"
}
2025-11-03T13:54:59.621Z INFO SharedStateManager initialized
2025-11-03T13:54:59.622Z INFO Is remote: false
2025-11-03T13:54:59.622Z INFO Starting Local. Installation path: c:\Users\op\Documents\projects\pythagora test
2025-11-03T13:54:59.622Z INFO [MainProvider] Creating new MainProvider instance...
2025-11-03T13:54:59.623Z INFO Installation path exists: c:\Users\op\Documents\projects\pythagora test
2025-11-03T13:54:59.624Z INFO Initializing database with URL: file:c:\Users\op\Documents\projects\pythagora test\pythagora-core\data\database\pythagora.db
2025-11-03T13:54:59.626Z INFO Database file exists, skipping prisma generate/push for faster startup
2025-11-03T13:54:59.626Z INFO Database initialized successfully
2025-11-03T13:54:59.627Z INFO [Migration] Checking for database migration...
2025-11-03T13:54:59.706Z INFO [Migration] No migration needed
2025-11-03T14:13:37.537Z INFO Closing entire Pythagora extension...
2025-11-03T14:13:37.548Z ERROR Error closing extension
Error: Canceled
Stack: Canceled: Canceled
	at new MR (file:///c:/Program%20Files/Microsoft%20VS%20Code/resources/app/out/vs/workbench/api/node/extensionHostProcess.js:29:116391)
	at U4.U (file:///c:/Program%20Files/Microsoft%20VS%20Code/resources/app/out/vs/workbench/api/node/extensionHostProcess.js:29:121001)
	at s.<computed>.n.charCodeAt.s.<computed> (file:///c:/Program%20Files/Microsoft%20VS%20Code/resources/app/out/vs/workbench/api/node/extensionHostProcess.js:29:118495)
	at iy.g (file:///c:/Program%20Files/Microsoft%20VS%20Code/resources/app/out/vs/workbench/api/node/extensionHostProcess.js:114:41101)
	at iy.executeCommand (file:///c:/Program%20Files/Microsoft%20VS%20Code/resources/app/out/vs/workbench/api/node/extensionHostProcess.js:114:40605)
	at Object.executeCommand (file:///c:/Program%20Files/Microsoft%20VS%20Code/resources/app/out/vs/workbench/api/node/extensionHostProcess.js:201:105071)
	at closeEntirePythagoraExtension (c:\Users\op\.vscode\extensions\pythagoratechnologies.pythagora-vs-code-2.5.25\out\extension.js:390:31)
	at Object.deactivate (c:\Users\op\.vscode\extensions\pythagoratechnologies.pythagora-vs-code-2.5.25\out\extension.js:295:15)
	at SZ.eb (file:///c:/Program%20Files/Microsoft%20VS%20Code/resources/app/out/vs/workbench/api/node/extensionHostProcess.js:118:11797)
	at file:///c:/Program%20Files/Microsoft%20VS%20Code/resources/app/out/vs/workbench/api/node/extensionHostProcess.js:118:9947
	at Array.map (<anonymous>)
	at SZ.$ (file:///c:/Program%20Files/Microsoft%20VS%20Code/resources/app/out/vs/workbench/api/node/extensionHostProcess.js:118:9935)
	at SZ.terminate (file:///c:/Program%20Files/Microsoft%20VS%20Code/resources/app/out/vs/workbench/api/node/extensionHostProcess.js:118:10178)
	at H3.terminate (file:///c:/Program%20Files/Microsoft%20VS%20Code/resources/app/out/vs/workbench/api/node/extensionHostProcess.js:120:914)
	at Ss (file:///c:/Program%20Files/Microsoft%20VS%20Code/resources/app/out/vs/workbench/api/node/extensionHostProcess.js:393:10409)
	at MessagePortMain.<anonymous> (file:///c:/Program%20Files/Microsoft%20VS%20Code/resources/app/out/vs/workbench/api/node/extensionHostProcess.js:393:6948)
	at MessagePortMain.emit (node:events:519:28)
	at MessagePortMain._internalPort.emit (node:electron/js2c/utility_init:2:2949)
Extra context: {
  "message": "Canceled"
}
2025-11-03T14:13:56.004Z INFO SharedStateManager initialized
2025-11-03T14:13:56.004Z INFO Is remote: false
2025-11-03T14:13:56.005Z INFO Starting Local. Installation path: c:\Users\op\Documents\projects\pythagora test
2025-11-03T14:13:56.005Z INFO [MainProvider] Creating new MainProvider instance...
2025-11-03T14:13:56.006Z INFO Installation path exists: c:\Users\op\Documents\projects\pythagora test
2025-11-03T14:13:56.007Z INFO Initializing database with URL: file:c:\Users\op\Documents\projects\pythagora test\pythagora-core\data\database\pythagora.db
2025-11-03T14:13:56.009Z INFO Database file exists, skipping prisma generate/push for faster startup
2025-11-03T14:13:56.009Z INFO Database initialized successfully
2025-11-03T14:13:56.010Z INFO [Migration] Checking for database migration...
2025-11-03T14:13:56.104Z INFO [Migration] No migration needed
2025-11-03T18:43:47.470Z INFO SharedStateManager initialized
2025-11-03T18:43:47.472Z INFO Is remote: false
2025-11-03T18:43:47.473Z INFO Starting Local. Installation path: c:\Users\op\Documents\projects\pythagora test
2025-11-03T18:43:47.473Z INFO [MainProvider] Creating new MainProvider instance...
2025-11-03T18:43:47.474Z INFO Installation path exists: c:\Users\op\Documents\projects\pythagora test
2025-11-03T18:43:47.474Z INFO Initializing database with URL: file:c:\Users\op\Documents\projects\pythagora test\pythagora-core\data\database\pythagora.db
2025-11-03T18:43:47.477Z INFO Database file exists, skipping prisma generate/push for faster startup
2025-11-03T18:43:47.477Z INFO Database initialized successfully
2025-11-03T18:43:47.478Z INFO [Migration] Checking for database migration...
2025-11-03T18:43:47.624Z INFO [Migration] No migration needed
2025-11-03T19:08:34.136Z INFO Closing entire Pythagora extension...
2025-11-03T19:08:34.142Z ERROR Error closing extension
Error: Canceled
Stack: Canceled: Canceled
	at new MR (file:///c:/Program%20Files/Microsoft%20VS%20Code/resources/app/out/vs/workbench/api/node/extensionHostProcess.js:29:116391)
	at U4.U (file:///c:/Program%20Files/Microsoft%20VS%20Code/resources/app/out/vs/workbench/api/node/extensionHostProcess.js:29:121001)
	at s.<computed>.n.charCodeAt.s.<computed> (file:///c:/Program%20Files/Microsoft%20VS%20Code/resources/app/out/vs/workbench/api/node/extensionHostProcess.js:29:118495)
	at iy.g (file:///c:/Program%20Files/Microsoft%20VS%20Code/resources/app/out/vs/workbench/api/node/extensionHostProcess.js:114:41101)
	at iy.executeCommand (file:///c:/Program%20Files/Microsoft%20VS%20Code/resources/app/out/vs/workbench/api/node/extensionHostProcess.js:114:40605)
	at Object.executeCommand (file:///c:/Program%20Files/Microsoft%20VS%20Code/resources/app/out/vs/workbench/api/node/extensionHostProcess.js:201:105071)
	at closeEntirePythagoraExtension (c:\Users\op\.vscode\extensions\pythagoratechnologies.pythagora-vs-code-2.5.25\out\extension.js:390:31)
	at Object.deactivate (c:\Users\op\.vscode\extensions\pythagoratechnologies.pythagora-vs-code-2.5.25\out\extension.js:295:15)
	at SZ.eb (file:///c:/Program%20Files/Microsoft%20VS%20Code/resources/app/out/vs/workbench/api/node/extensionHostProcess.js:118:11797)
	at file:///c:/Program%20Files/Microsoft%20VS%20Code/resources/app/out/vs/workbench/api/node/extensionHostProcess.js:118:9947
	at Array.map (<anonymous>)
	at SZ.$ (file:///c:/Program%20Files/Microsoft%20VS%20Code/resources/app/out/vs/workbench/api/node/extensionHostProcess.js:118:9935)
	at SZ.terminate (file:///c:/Program%20Files/Microsoft%20VS%20Code/resources/app/out/vs/workbench/api/node/extensionHostProcess.js:118:10178)
	at H3.terminate (file:///c:/Program%20Files/Microsoft%20VS%20Code/resources/app/out/vs/workbench/api/node/extensionHostProcess.js:120:914)
	at Ss (file:///c:/Program%20Files/Microsoft%20VS%20Code/resources/app/out/vs/workbench/api/node/extensionHostProcess.js:393:10409)
	at MessagePortMain.<anonymous> (file:///c:/Program%20Files/Microsoft%20VS%20Code/resources/app/out/vs/workbench/api/node/extensionHostProcess.js:393:6948)
	at MessagePortMain.emit (node:events:519:28)
	at MessagePortMain._internalPort.emit (node:electron/js2c/utility_init:2:2949)
Extra context: {
  "message": "Canceled"
}
2025-11-03T19:08:38.260Z INFO SharedStateManager initialized
2025-11-03T19:08:38.260Z INFO Is remote: false
2025-11-03T19:08:38.261Z INFO Starting Local. Installation path: c:\Users\op\Documents\projects\pythagora test
2025-11-03T19:08:38.261Z INFO [MainProvider] Creating new MainProvider instance...
2025-11-03T19:08:38.262Z INFO Installation path exists: c:\Users\op\Documents\projects\pythagora test
2025-11-03T19:08:38.263Z INFO Initializing database with URL: file:c:\Users\op\Documents\projects\pythagora test\pythagora-core\data\database\pythagora.db
2025-11-03T19:08:38.265Z INFO Database file exists, skipping prisma generate/push for faster startup
2025-11-03T19:08:38.265Z INFO Database initialized successfully
2025-11-03T19:08:38.266Z INFO [Migration] Checking for database migration...
2025-11-03T19:08:38.367Z INFO [Migration] No migration needed
2025-11-03T19:08:38.394Z INFO Starting right sidebar creation...
2025-11-03T19:08:38.395Z INFO Initializing MainProvider...
2025-11-03T19:08:38.395Z INFO Updating user profile...
2025-11-03T19:08:38.942Z INFO Creating right panel...
2025-11-03T19:08:38.943Z INFO Creating right panel...
2025-11-03T19:08:38.943Z INFO Closing all existing tabs...
2025-11-03T19:08:38.970Z INFO Right panel webview created
2025-11-03T19:08:38.971Z INFO Right panel HTML set successfully
2025-11-03T19:08:38.972Z INFO Right panel setup completed
2025-11-03T19:08:38.972Z INFO Setting up right panel dependencies...
2025-11-03T19:08:38.982Z INFO Right panel dependencies setup complete, waiting for ready signal...
2025-11-03T19:08:39.419Z INFO 🔍 ProcessManager: Waiting for port 3000 to be freed...
2025-11-03T19:08:39.461Z INFO ✅ ProcessManager: Port 3000 is now free
2025-11-03T19:08:39.590Z INFO MainProvider handleMessage {"command":"rightPanelReady","data":{},"source":"right"}
2025-11-03T19:08:39.591Z INFO Routing rightPanelReady through new unified router from right
2025-11-03T19:08:39.591Z INFO [Message Router] Routing rightPanelReady through unified router
2025-11-03T19:08:39.626Z INFO MainProvider handleMessage {"command":"getProjects","data":{},"source":"right"}
2025-11-03T19:08:39.626Z INFO Routing getProjects through new unified router from right
2025-11-03T19:08:39.627Z INFO [Message Router] Routing getProjects through unified router
2025-11-03T19:08:39.629Z INFO MainProvider handleMessage {"command":"getDeployments","data":"","route":"forwardToRight","source":"right"}
2025-11-03T19:08:39.629Z INFO Routing getDeployments through new unified router from right
2025-11-03T19:08:39.630Z INFO [Message Router] Routing getDeployments through unified router
2025-11-03T19:08:39.636Z INFO MainProvider handleMessage {"command":"rightBarRendered","data":"","source":"right"}
2025-11-03T19:08:39.637Z INFO Right panel setup completed successfully
2025-11-03T19:08:39.637Z INFO Right panel created via MainProvider
2025-11-03T19:08:39.637Z INFO MainProvider handleMessage {"command":"updateUserProfile","data":"","source":"right"}
2025-11-03T19:08:39.637Z INFO Routing updateUserProfile through new unified router from right
2025-11-03T19:08:39.638Z INFO [Message Router] Routing updateUserProfile through unified router
2025-11-03T19:08:39.644Z INFO MainProvider handleMessage {"command":"checkEnv","data":"","source":"right"}
2025-11-03T19:08:40.134Z INFO Successfully posted projects to Pythagora API
2025-11-03T19:08:40.592Z INFO Right panel disposed, triggering cleanup...
2025-11-03T19:08:40.593Z INFO Right panel disposed, cleaning up...
2025-11-03T19:08:40.960Z INFO MainProvider handleMessage {"command":"coreExited","route":"broadcast"}
2025-11-03T19:08:40.960Z INFO Routing coreExited through new unified router from unknown
2025-11-03T19:08:40.960Z INFO [Message Router] Routing coreExited through unified router
2025-11-03T19:08:40.961Z INFO Closing entire Pythagora extension...
2025-11-03T19:08:40.980Z INFO Pythagora extension closed
2025-11-03T19:08:42.868Z INFO Left sidebar became visible, creating right panel...
2025-11-03T19:08:42.868Z INFO Starting right sidebar creation...
2025-11-03T19:08:42.868Z INFO [MainProvider] Creating new MainProvider instance...
2025-11-03T19:08:42.869Z INFO Initializing MainProvider...
2025-11-03T19:08:42.869Z INFO Updating user profile...
2025-11-03T19:08:43.400Z INFO Creating right panel...
2025-11-03T19:08:43.400Z INFO Creating right panel...
2025-11-03T19:08:43.401Z INFO Closing all existing tabs...
2025-11-03T19:08:43.401Z INFO Right panel webview created
2025-11-03T19:08:43.402Z INFO Right panel HTML set successfully
2025-11-03T19:08:43.402Z INFO Right panel setup completed
2025-11-03T19:08:43.402Z INFO Setting up right panel dependencies...
2025-11-03T19:08:43.405Z INFO Right panel dependencies setup complete, waiting for ready signal...
2025-11-03T19:08:43.867Z INFO MainProvider handleMessage {"command":"rightPanelReady","data":{},"source":"right"}
2025-11-03T19:08:43.868Z INFO Routing rightPanelReady through new unified router from right
2025-11-03T19:08:43.868Z INFO [Message Router] Routing rightPanelReady through unified router
2025-11-03T19:08:43.901Z INFO MainProvider handleMessage {"command":"getProjects","data":{},"source":"right"}
2025-11-03T19:08:43.901Z INFO Routing getProjects through new unified router from right
2025-11-03T19:08:43.902Z INFO [Message Router] Routing getProjects through unified router
2025-11-03T19:08:43.903Z INFO MainProvider handleMessage {"command":"getDeployments","data":"","route":"forwardToRight","source":"right"}
2025-11-03T19:08:43.904Z INFO Routing getDeployments through new unified router from right
2025-11-03T19:08:43.904Z INFO [Message Router] Routing getDeployments through unified router
2025-11-03T19:08:43.910Z INFO MainProvider handleMessage {"command":"rightBarRendered","data":"","source":"right"}
2025-11-03T19:08:43.925Z INFO Right panel setup completed successfully
2025-11-03T19:08:43.925Z INFO Right panel created via MainProvider
2025-11-03T19:08:43.926Z INFO MainProvider handleMessage {"command":"updateUserProfile","data":"","source":"right"}
2025-11-03T19:08:43.926Z INFO Routing updateUserProfile through new unified router from right
2025-11-03T19:08:43.927Z INFO [Message Router] Routing updateUserProfile through unified router
2025-11-03T19:08:43.933Z INFO MainProvider handleMessage {"command":"checkEnv","data":"","source":"right"}
2025-11-03T19:08:44.419Z INFO Successfully posted projects to Pythagora API
2025-11-03T19:08:48.533Z INFO Right panel disposed, triggering cleanup...
2025-11-03T19:08:48.533Z INFO Right panel disposed, cleaning up...
2025-11-03T19:08:48.894Z INFO MainProvider handleMessage {"command":"coreExited","route":"broadcast"}
2025-11-03T19:08:48.894Z INFO Routing coreExited through new unified router from unknown
2025-11-03T19:08:48.894Z INFO [Message Router] Routing coreExited through unified router
2025-11-03T19:08:48.895Z INFO Closing entire Pythagora extension...
2025-11-03T19:08:48.907Z INFO Pythagora extension closed
2025-11-03T19:08:59.396Z INFO Closing entire Pythagora extension...
2025-11-03T19:08:59.403Z ERROR Error closing extension
Error: Canceled
Stack: Canceled: Canceled
	at new MR (file:///c:/Program%20Files/Microsoft%20VS%20Code/resources/app/out/vs/workbench/api/node/extensionHostProcess.js:29:116391)
	at U4.U (file:///c:/Program%20Files/Microsoft%20VS%20Code/resources/app/out/vs/workbench/api/node/extensionHostProcess.js:29:121001)
	at s.<computed>.n.charCodeAt.s.<computed> (file:///c:/Program%20Files/Microsoft%20VS%20Code/resources/app/out/vs/workbench/api/node/extensionHostProcess.js:29:118495)
	at iy.g (file:///c:/Program%20Files/Microsoft%20VS%20Code/resources/app/out/vs/workbench/api/node/extensionHostProcess.js:114:41101)
	at iy.executeCommand (file:///c:/Program%20Files/Microsoft%20VS%20Code/resources/app/out/vs/workbench/api/node/extensionHostProcess.js:114:40605)
	at Object.executeCommand (file:///c:/Program%20Files/Microsoft%20VS%20Code/resources/app/out/vs/workbench/api/node/extensionHostProcess.js:201:105071)
	at closeEntirePythagoraExtension (c:\Users\op\.vscode\extensions\pythagoratechnologies.pythagora-vs-code-2.5.26\out\extension.js:538:31)
	at Object.deactivate (c:\Users\op\.vscode\extensions\pythagoratechnologies.pythagora-vs-code-2.5.26\out\extension.js:429:15)
	at SZ.eb (file:///c:/Program%20Files/Microsoft%20VS%20Code/resources/app/out/vs/workbench/api/node/extensionHostProcess.js:118:11797)
	at file:///c:/Program%20Files/Microsoft%20VS%20Code/resources/app/out/vs/workbench/api/node/extensionHostProcess.js:118:9947
	at Array.map (<anonymous>)
	at SZ.$ (file:///c:/Program%20Files/Microsoft%20VS%20Code/resources/app/out/vs/workbench/api/node/extensionHostProcess.js:118:9935)
	at SZ.terminate (file:///c:/Program%20Files/Microsoft%20VS%20Code/resources/app/out/vs/workbench/api/node/extensionHostProcess.js:118:10178)
	at H3.terminate (file:///c:/Program%20Files/Microsoft%20VS%20Code/resources/app/out/vs/workbench/api/node/extensionHostProcess.js:120:914)
	at Ss (file:///c:/Program%20Files/Microsoft%20VS%20Code/resources/app/out/vs/workbench/api/node/extensionHostProcess.js:393:10409)
	at MessagePortMain.<anonymous> (file:///c:/Program%20Files/Microsoft%20VS%20Code/resources/app/out/vs/workbench/api/node/extensionHostProcess.js:393:6948)
	at MessagePortMain.emit (node:events:519:28)
	at MessagePortMain._internalPort.emit (node:electron/js2c/utility_init:2:2949)
Extra context: {
  "message": "Canceled"
}
